// Jest Snapshot v1, https://goo.gl/fbAQLP

exports[`Actions of Button if action is next 1`] = `
<div>
  <button
    class="button button_next"
    type="button"
  >
    Next Step
  </button>
</div>
`;
