// Jest Snapshot v1, https://goo.gl/fbAQLP

exports[`displays correct text data 1`] = `
<div>
  <h1
    class="title"
  >
    Title
  </h1>
  <p
    class="description"
  >
    Description
  </p>
</div>
`;
