// Jest Snapshot v1, https://goo.gl/fbAQLP

exports[`Sidebar renders Sidebar component 1`] = `
<div>
  <aside
    class="container"
  >
    <div
      class="box box_active"
    >
      <div
        class="number"
      >
        1
      </div>
      <div
        class="info"
      >
        <p
          class="info_number"
        >
          Step 
          1
        </p>
        <p
          class="info_title"
        >
          Your info
        </p>
      </div>
    </div>
    <div
      class="box"
    >
      <div
        class="number"
      >
        2
      </div>
      <div
        class="info"
      >
        <p
          class="info_number"
        >
          Step 
          2
        </p>
        <p
          class="info_title"
        >
          Select plan
        </p>
      </div>
    </div>
    <div
      class="box"
    >
      <div
        class="number"
      >
        3
      </div>
      <div
        class="info"
      >
        <p
          class="info_number"
        >
          Step 
          3
        </p>
        <p
          class="info_title"
        >
          Add-ons
        </p>
      </div>
    </div>
    <div
      class="box"
    >
      <div
        class="number"
      >
        4
      </div>
      <div
        class="info"
      >
        <p
          class="info_number"
        >
          Step 
          4
        </p>
        <p
          class="info_title"
        >
          Summary
        </p>
      </div>
    </div>
  </aside>
</div>
`;
